com/byd/tools/api/FanucConfig.class
com/byd/tools/parse/BaseWebParser$1.class
com/byd/tools/exceptions/ConnectFailedException.class
com/byd/tools/parse/impl/GoWebParser.class
com/byd/tools/parse/impl/NumRegisterCommentWebParser.class
com/byd/tools/parse/WebParserFactory.class
com/byd/tools/parse/impl/DoWebParser.class
com/byd/tools/parse/impl/AoWebParser.class
com/byd/tools/exceptions/JsonFileIOException.class
com/byd/tools/exceptions/RequestFailed.class
com/byd/tools/service/CommentRepository$1.class
com/byd/tools/FanucWebApplication.class
com/byd/tools/api/CommentController.class
com/byd/tools/parse/impl/FlagWebParser.class
com/byd/tools/api/dto/OperationStatusResponse.class
com/byd/tools/parse/impl/StrRegisterCommentWebParser.class
com/byd/tools/pojo/Register_Value.class
com/byd/tools/config/BrowserAutoLauncher.class
com/byd/tools/parse/impl/RiWebParser.class
com/byd/tools/Main.class
com/byd/tools/api/dto/LocalLoadRequest.class
com/byd/tools/connect/KarelConnection$Builder.class
com/byd/tools/service/CommentRepository.class
com/byd/tools/parse/impl/PositionRegisterWebParser.class
com/byd/tools/service/CommentService.class
com/byd/tools/api/dto/LocalLoadResponse.class
com/byd/tools/parse/impl/DiWebParser.class
com/byd/tools/connect/IConnection.class
com/byd/tools/parse/impl/AiWebParser.class
com/byd/tools/parse/impl/GiWebParser.class
com/byd/tools/parse/BaseWebParser.class
com/byd/tools/pojo/Comment.class
com/byd/tools/parse/impl/RoWebParser.class
com/byd/tools/parse/impl/StrRegisterValueWebParser.class
com/byd/tools/connect/KarelConnection.class
com/byd/tools/parse/impl/NumRegisterValueWebParser.class
com/byd/tools/api/dto/CommentBatchRequest.class
com/byd/tools/pojo/CommentType.class
com/byd/tools/exceptions/ParseFailedException.class
com/byd/tools/parse/KarelWebParser.class
com/byd/tools/api/dto/CommentUpdateRequest.class
com/byd/tools/api/dto/LocalSaveRequest.class
com/byd/tools/exceptions/InvalidParaException.class
