/Users/liuke/IdeaProjects/FanucHelper/src/main/java/com/byd/tools/FanucWebApplication.java
/Users/liuke/IdeaProjects/FanucHelper/src/main/java/com/byd/tools/Main.java
/Users/liuke/IdeaProjects/FanucHelper/src/main/java/com/byd/tools/api/CommentController.java
/Users/liuke/IdeaProjects/FanucHelper/src/main/java/com/byd/tools/api/FanucConfig.java
/Users/liuke/IdeaProjects/FanucHelper/src/main/java/com/byd/tools/api/dto/CommentBatchRequest.java
/Users/liuke/IdeaProjects/FanucHelper/src/main/java/com/byd/tools/api/dto/CommentUpdateRequest.java
/Users/liuke/IdeaProjects/FanucHelper/src/main/java/com/byd/tools/api/dto/LocalLoadRequest.java
/Users/liuke/IdeaProjects/FanucHelper/src/main/java/com/byd/tools/api/dto/LocalLoadResponse.java
/Users/liuke/IdeaProjects/FanucHelper/src/main/java/com/byd/tools/api/dto/LocalSaveRequest.java
/Users/liuke/IdeaProjects/FanucHelper/src/main/java/com/byd/tools/api/dto/OperationStatusResponse.java
/Users/liuke/IdeaProjects/FanucHelper/src/main/java/com/byd/tools/config/BrowserAutoLauncher.java
/Users/liuke/IdeaProjects/FanucHelper/src/main/java/com/byd/tools/connect/IConnection.java
/Users/liuke/IdeaProjects/FanucHelper/src/main/java/com/byd/tools/connect/KarelConnection.java
/Users/liuke/IdeaProjects/FanucHelper/src/main/java/com/byd/tools/exceptions/ConnectFailedException.java
/Users/liuke/IdeaProjects/FanucHelper/src/main/java/com/byd/tools/exceptions/InvalidParaException.java
/Users/liuke/IdeaProjects/FanucHelper/src/main/java/com/byd/tools/exceptions/JsonFileIOException.java
/Users/liuke/IdeaProjects/FanucHelper/src/main/java/com/byd/tools/exceptions/ParseFailedException.java
/Users/liuke/IdeaProjects/FanucHelper/src/main/java/com/byd/tools/exceptions/RequestFailed.java
/Users/liuke/IdeaProjects/FanucHelper/src/main/java/com/byd/tools/parse/BaseWebParser.java
/Users/liuke/IdeaProjects/FanucHelper/src/main/java/com/byd/tools/parse/KarelWebParser.java
/Users/liuke/IdeaProjects/FanucHelper/src/main/java/com/byd/tools/parse/WebParserFactory.java
/Users/liuke/IdeaProjects/FanucHelper/src/main/java/com/byd/tools/parse/impl/AiWebParser.java
/Users/liuke/IdeaProjects/FanucHelper/src/main/java/com/byd/tools/parse/impl/AoWebParser.java
/Users/liuke/IdeaProjects/FanucHelper/src/main/java/com/byd/tools/parse/impl/DiWebParser.java
/Users/liuke/IdeaProjects/FanucHelper/src/main/java/com/byd/tools/parse/impl/DoWebParser.java
/Users/liuke/IdeaProjects/FanucHelper/src/main/java/com/byd/tools/parse/impl/FlagWebParser.java
/Users/liuke/IdeaProjects/FanucHelper/src/main/java/com/byd/tools/parse/impl/GiWebParser.java
/Users/liuke/IdeaProjects/FanucHelper/src/main/java/com/byd/tools/parse/impl/GoWebParser.java
/Users/liuke/IdeaProjects/FanucHelper/src/main/java/com/byd/tools/parse/impl/NumRegisterCommentWebParser.java
/Users/liuke/IdeaProjects/FanucHelper/src/main/java/com/byd/tools/parse/impl/NumRegisterValueWebParser.java
/Users/liuke/IdeaProjects/FanucHelper/src/main/java/com/byd/tools/parse/impl/PositionRegisterWebParser.java
/Users/liuke/IdeaProjects/FanucHelper/src/main/java/com/byd/tools/parse/impl/RiWebParser.java
/Users/liuke/IdeaProjects/FanucHelper/src/main/java/com/byd/tools/parse/impl/RoWebParser.java
/Users/liuke/IdeaProjects/FanucHelper/src/main/java/com/byd/tools/parse/impl/StrRegisterCommentWebParser.java
/Users/liuke/IdeaProjects/FanucHelper/src/main/java/com/byd/tools/parse/impl/StrRegisterValueWebParser.java
/Users/liuke/IdeaProjects/FanucHelper/src/main/java/com/byd/tools/pojo/Comment.java
/Users/liuke/IdeaProjects/FanucHelper/src/main/java/com/byd/tools/pojo/CommentType.java
/Users/liuke/IdeaProjects/FanucHelper/src/main/java/com/byd/tools/pojo/Register_Value.java
/Users/liuke/IdeaProjects/FanucHelper/src/main/java/com/byd/tools/service/CommentRepository.java
/Users/liuke/IdeaProjects/FanucHelper/src/main/java/com/byd/tools/service/CommentService.java
/Users/liuke/IdeaProjects/FanucHelper/src/main/java/com/byd/tools/view/FanucEditor.java
